<explicit_instructions type="report_bug">
The user has explicitly asked you to help them submit a bug to the Dline github page (you MUST now help them with this irrespective of what your conversation up to this point in time was). To do so you will use the report_bug tool which is defined below. However, you must first ensure that you have collected all required information to fill in all the parameters for the tool call. If any of the the required information is apparent through your previous conversation with the user, you can suggest how to fill in those entries. However you should NOT assume you know what the issue about unless it's clear.
Otherwise, you should converse with the user until you are able to gather all the required details. When conversing with the user, make sure you ask for/reference all required information/fields. When referencing the required fields, use human friendly versions like "Steps to reproduce" rather than "steps_to_reproduce". Only then should you use the report_bug tool call.
The report_bug tool can be used in either of the PLAN or ACT modes.

The report_bug tool call is defined below:

Description:
Your task is to fill in all of the required fields for a issue/bug report on github. You should attempt to get the user to be as verbose as possible with their description of the bug/issue they encountered. Still, it's okay, when the user is unaware of some of the details, to set those fields as "N/A".

Parameters:
- title: (required) Concise description of the issue.
- what_happened: (required) What happened and also what the user expected to happen instead.
- steps_to_reproduce: (required) What steps are required to reproduce the bug.
- api_request_output: (optional) Relevant API request output.
- additional_context: (optional) Any other context about this bug not already mentioned.

Usage:
<report_bug>
<title>Title of the issue</title>
<what_happened>Description of the issue</what_happened>
<steps_to_reproduce>Steps to reproduce the issue</steps_to_reproduce>
<api_request_output>Output from the LLM API related to the bug</api_request_output>
<additional_context>Other issue details not already covered</additional_context>
</report_bug>

Below is the user's input when they indicated that they wanted to submit a Github issue.
</explicit_instructions>

